{
  "schema": 1,
  "mode": "pi",
  "asOfMs": 1748260800000,
  "config": {
    "barWidth": 10,
    "compactWidth": 70,
    "activityRows": 4,
    "hideWhenIdle": true,
    "padding": 0,
    "refreshIntervalMs": 1000,
    "maxLines": 6,
    "separator": " │ ",
    "flexName": "flex",
    "row1": [
      "model",
      "cwd",
      "git",
      "duration",
      "usage5h",
      "usage7d"
    ],
    "row2": [
      "context",
      "tokens",
      "burnRate",
      "voice",
      "compaction",
      "pr",
      "cost"
    ],
    "row3": [
      "autoMode"
    ],
    "row4": [
      "cache"
    ],
    "hide": [],
    "dropPriority": [
      "autoMode",
      "cache",
      "sessionName",
      "compaction",
      "pr",
      "voice",
      "cost",
      "burnRate",
      "duration",
      "tokens",
      "effort",
      "context",
      "usage7d",
      "usage5h",
      "git",
      "cwd",
      "model"
    ]
  },
  "widgets": {
    "autoMode": {
      "visible": true,
      "spans": [
        {
          "kind": "text",
          "text": " auto ●",
          "intent": "ok"
        },
        {
          "kind": "text",
          "text": " │ ",
          "intent": "text"
        },
        {
          "kind": "text",
          "text": "✓ 105",
          "intent": "ok"
        },
        {
          "kind": "text",
          "text": " ",
          "intent": "text"
        },
        {
          "kind": "text",
          "text": "✗ 4",
          "intent": "danger"
        },
        {
          "kind": "text",
          "text": " │ ",
          "intent": "text"
        },
        {
          "kind": "text",
          "text": " 89/4",
          "intent": "meta"
        }
      ],
      "compact": [
        {
          "kind": "text",
          "text": " ●",
          "intent": "ok"
        },
        {
          "kind": "text",
          "text": " │ ",
          "intent": "text"
        },
        {
          "kind": "text",
          "text": "✓ 105",
          "intent": "ok"
        },
        {
          "kind": "text",
          "text": " ",
          "intent": "text"
        },
        {
          "kind": "text",
          "text": "✗ 4",
          "intent": "danger"
        }
      ]
    },
    "burnRate": {
      "visible": false
    },
    "cache": {
      "visible": true,
      "spans": [
        {
          "kind": "text",
          "text": " cache 79.3%",
          "intent": "ok"
        },
        {
          "kind": "text",
          "text": " │ ",
          "intent": "text"
        },
        {
          "kind": "bar",
          "fill": 0.7934272300469484,
          "cells": 10,
          "style": "braille"
        },
        {
          "kind": "text",
          "text": " │ ",
          "intent": "text"
        },
        {
          "kind": "text",
          "text": "1.69M/2.13M",
          "intent": "dim"
        },
        {
          "kind": "text",
          "text": " │ ",
          "intent": "text"
        },
        {
          "kind": "text",
          "text": "35/41",
          "intent": "meta"
        }
      ],
      "compact": [
        {
          "kind": "text",
          "text": " cache 79.3%",
          "intent": "ok"
        },
        {
          "kind": "text",
          "text": " │ ",
          "intent": "text"
        },
        {
          "kind": "text",
          "text": "35/41",
          "intent": "meta"
        }
      ]
    },
    "compaction": {
      "visible": false
    },
    "context": {
      "visible": true,
      "spans": [
        {
          "kind": "text",
          "text": " ",
          "intent": "warn"
        },
        {
          "kind": "bar",
          "fill": 0.535,
          "cells": 10,
          "style": "braille"
        },
        {
          "kind": "text",
          "text": " ",
          "intent": "text"
        },
        {
          "kind": "text",
          "text": "54%",
          "intent": "warn"
        }
      ],
      "compact": [
        {
          "kind": "text",
          "text": " ",
          "intent": "warn"
        },
        {
          "kind": "text",
          "text": " ",
          "intent": "text"
        },
        {
          "kind": "text",
          "text": "54%",
          "intent": "warn"
        }
      ]
    },
    "cost": {
      "visible": true,
      "spans": [
        {
          "kind": "text",
          "text": " $0.42",
          "intent": "danger"
        }
      ]
    },
    "cwd": {
      "visible": true,
      "spans": [
        {
          "kind": "text",
          "text": " /.../agent-statusline-test-home/project",
          "intent": "path"
        }
      ]
    },
    "duration": {
      "visible": true,
      "spans": [
        {
          "kind": "text",
          "text": " 5m",
          "intent": "dim"
        }
      ]
    },
    "git": {
      "visible": false
    },
    "model": {
      "visible": true,
      "spans": [
        {
          "kind": "text",
          "text": " Sol xhigh",
          "intent": "accent"
        }
      ]
    },
    "pr": {
      "visible": false
    },
    "tokens": {
      "visible": true,
      "spans": [
        {
          "kind": "text",
          "text": "120.0k tokens",
          "intent": "warn"
        }
      ],
      "compact": [
        {
          "kind": "text",
          "text": "120.0k tok",
          "intent": "warn"
        }
      ]
    },
    "usage5h": {
      "visible": false
    },
    "usage7d": {
      "visible": false
    },
    "voice": {
      "visible": false
    }
  },
  "activity": {
    "graces": {
      "toolCompleteMs": 30000,
      "agentCompleteMs": 30000,
      "agentRunningStaleMs": 1800000,
      "todoCompleteMs": 60000
    },
    "tools": null,
    "agents": null,
    "todos": null
  }
}
